{
  "user_name": "afushimi-source",
  "passward": "test"
}