{
  "user_name": "afushimi-source",
  "password": "test"
}